WolfNum algebra prewarm: 1.3.1, 448 bits, startup wait 6.1416999999999998e-05 s (outside solve timing)
Dset: rank 44 of 264  (23.915187457999998 s)
  inverse4 LU: 39 matrices, pack 0.00018775000000000001 s, library wall 0.029116833000000002 s (device 0.012266500038094819 s), unpack 0.00020741700000000002 s
  descent inverses4 (GPU): 39 matrices
  start |G| = 1.2578245660758778e-12  |cons| = 1.1967498403554841e-117  (1.8026312499999999 s)
  inverse4 LU: 39 matrices, pack 0.00017595800000000001 s, library wall 0.020994084 s (device 0.012225458340253681 s), unpack 0.00031025000000000003 s
  descent inverses4 (GPU): 39 matrices
  power moments: pack 0.54557300000000009 s, library wall 3.4352392500000004 s (device 1.7743928750278428 s), unpack 0.0061109170000000004 s
  adjoint tables: stage 1 0.87100804100000007 s, stage 2 (GPU) 4.2400910000000005 s
  adjoint check: PASS relative max difference 0, 0 units of 2^-440 (limit 65536; scale max |rows|; 12 columns), relative to max |dRows| 0
  inverse4 LU: 39 matrices, pack 5.2000000000000004e-05 s, library wall 0.028100584000000001 s (device 0.012172291637398303 s), unpack 0.000166916 s
  descent inverses4 (GPU): 39 matrices
  tangent products4: 10296 matrices, pack/upload 0.0075985830000000008 s, library wall 0.011975042 s (device 0.010259208327624947 s), download/unpack 0.0067770420000000005 s
  tangent 4x4 Jacobian (GPU)
  inverse4 LU: 530 matrices, pack 0.0002945 s, library wall 0.0032860420000000003 s (device 0.0020507083390839398 s), unpack 0.00048033300000000005 s
  gluing inverses4 (GPU): 530 matrices
  exact Fourier: pack 0.0065789590000000005 s, library wall 0.045855083000000005 s (device 0.021246750024147332 s), unpack 0.005926125 s
  Fourier Jacobian (GPU): 530 projections
  exact normal equations: pack 0.0027043330000000002 s, library wall 0.011514417000000001 s (device 0.010285499971359968 s), unpack 0.0042742500000000003 s
  normal matrix (GPU): 0.018557167000000003 s, GPU J^T G included; remaining bookkeeping: 1.1375e-05 s
  first Cholesky (GPU): 0.038155625000000006 s
  inverse4 LU: 39 matrices, pack 0.00010812500000000001 s, library wall 0.01287075 s (device 0.012124291679356247 s), unpack 0.00014504200000000001 s
  descent inverses4 (GPU): 39 matrices
  it 1  |G| = 3.0819535863089597e-23  mu = 9.9999999999999993e-41  Delta = 2 + -0.9844062732842157 + -8.3962535293776412e-34 i  (30.105070250000001 s)
  timing: Jc 0.84132945800000003  JG 26.019912708  lin 0.21424333300000001  LM 1.2269112499999999  chord 0 s (0 chord steps)
  JG split (thread-summed s): dB 1.0820383260000002  descent 53.949916861000005  residual 5.1295314110000003
done (54.270356083000003 s)
