Dset: rank 32 of 168  (1.670663625 s)
  start |G| = 0.31051019957579135  |cons| = 6.2368289203084999e-34  (0.43213145800000002 s)
  adjoint tables: stage 1 0.080297709000000009 s, stage 2 (CPU) 0.74644391600000004 s
  adjoint check: PASS relative max difference 0, 0 units of 2^-374 (limit 65536; scale max |rows|; 12 columns), relative to max |dRows| 0
  it 1  |G| = 0.0017632927519322108  mu = 1.0000000000000001e-15  Delta = 2 + -0.99937332694784575 + 2.2628645848906863e-06 i  (4.703453208 s)
  adjoint tables: stage 1 0.076020667 s, stage 2 (CPU) 0.74630025 s
  adjoint check: PASS relative max difference 0, 0 units of 2^-374 (limit 65536; scale max |rows|; 12 columns), relative to max |dRows| 0
  it 2  |G| = 0.00055233786046391005  mu = 1.0000000000000001e-18  Delta = 2 + -0.99937583302053901 + -8.8635004749592991e-08 i  (8.3232077919999998 s)
  adjoint tables: stage 1 0.076637834000000002 s, stage 2 (CPU) 0.74774437500000002 s
  adjoint check: PASS relative max difference 0, 0 units of 2^-374 (limit 65536; scale max |rows|; 12 columns), relative to max |dRows| 0
  it 3  |G| = 0.00050904962560706054  mu = 1.0000000000000001e-21  Delta = 2 + -0.99937581749792914 + -3.4135958028932335e-09 i  (11.928553208 s)
  it 4 (chord)  |G| = 4.0182934791535875e-05  Delta = 2 + -0.99937582136506975 + -5.2214560852055545e-09 i  (12.151092292 s)
  adjoint tables: stage 1 0.066711292000000005 s, stage 2 (CPU) 0.750731708 s
  adjoint check: PASS relative max difference 0, 0 units of 2^-374 (limit 65536; scale max |rows|; 12 columns), relative to max |dRows| 0
  it 5  |G| = 2.1758349988664932e-06  mu = 1.0000000000000001e-24  Delta = 2 + -0.99937581469696735 + -2.0531412221360182e-12 i  (15.774959458 s)
  it 6 (chord)  |G| = 5.7804859745914672e-09  Delta = 2 + -0.99937581469616432 + -4.6039377423100538e-15 i  (15.997403958 s)
  it 7 (chord)  |G| = 2.4806521761623889e-09  Delta = 2 + -0.99937581469618275 + -1.4968010549548381e-16 i  (16.2277275 s)
  adjoint tables: stage 1 0.07087541700000001 s, stage 2 (CPU) 0.762454042 s
  adjoint check: PASS relative max difference 0, 0 units of 2^-374 (limit 65536; scale max |rows|; 12 columns), relative to max |dRows| 0
  it 7  |G| = 5.3716884254408483e-13  mu = 1e-27  Delta = 2 + -0.99937581469617931 + -7.6118973872313883e-18 i  (19.6331025 s)
  it 8 (chord)  |G| = 5.0234183950132879e-14  Delta = 2 + -0.99937581469617898 + -6.988885112504133e-19 i  (19.813876541999999 s)
  it 9 (chord)  |G| = 4.6780211557536414e-15  Delta = 2 + -0.99937581469617898 + -6.434739247348331e-20 i  (19.991937875000001 s)
  it 10 (chord)  |G| = 4.3643613940414886e-16  Delta = 2 + -0.99937581469617887 + -5.9421886774670419e-21 i  (20.171824417 s)
  it 11 (chord)  |G| = 4.0824142291990491e-17  Delta = 2 + -0.99937581469617887 + -5.5047030040187387e-22 i  (20.349638041999999 s)
  it 12 (chord)  |G| = 3.8291468624556717e-18  Delta = 2 + -0.99937581469617887 + -5.1164181479760139e-23 i  (20.528759375 s)
  it 13 (chord)  |G| = 3.601573907874245e-19  Delta = 2 + -0.99937581469617887 + -4.7720697842843791e-24 i  (20.706215499999999 s)
  it 14 (chord)  |G| = 3.3969722910712913e-20  Delta = 2 + -0.99937581469617887 + -4.4669333568411614e-25 i  (20.885667916999999 s)
  it 15 (chord)  |G| = 3.2128763731697874e-21  Delta = 2 + -0.99937581469617887 + -4.1967700208798671e-26 i  (21.065573791999999 s)
  it 16 (chord)  |G| = 3.0470586948380883e-22  Delta = 2 + -0.99937581469617887 + -3.9577779306680415e-27 i  (21.235937457999999 s)
  it 17 (chord)  |G| = 2.8975116276054901e-23  Delta = 2 + -0.99937581469617887 + -3.7465483476916458e-28 i  (21.406834499999999 s)
  timing: Jc 1.549663832  JG 13.064989251999998  lin 0.89291533299999992  LM 2.3549934170000002  chord 3.11046304 s (13 chord steps)
  JG split (thread-summed s): dB 1.9814156590000001  descent 40.816641922000002  residual 7.7968076140000004
done (23.183199291000001 s)
