WolfNum algebra prewarm: 1.3.1, 384 bits, startup wait 5.3416000000000005e-05 s (outside solve timing)
Dset: rank 32 of 168  (1.7349032090000001 s)
  inverse4 LU: 27 matrices, pack 0.00013504200000000001 s, library wall 0.026541375000000002 s (device 0.010603249946143478 s), unpack 0.00022783300000000001 s
  descent inverses4 (GPU): 27 matrices
  start |G| = 4.9420920580589978e-11  |cons| = 1.8776732046444919e-95  (0.42643920800000001 s)
  inverse4 LU: 27 matrices, pack 7.6750000000000009e-05 s, library wall 0.011220125000000001 s (device 0.010609666642267257 s), unpack 0.00012150000000000001 s
  descent inverses4 (GPU): 27 matrices
  power moments: pack 0.011336542000000002 s, library wall 0.111082417 s (device 0.096335874986834824 s), unpack 0.0014955410000000002 s
  adjoint tables: stage 1 0.089064250000000011 s, stage 2 (GPU) 0.14403912500000002 s
  adjoint check: PASS relative max difference 0, 0 units of 2^-374 (limit 65536; scale max |rows|; 12 columns), relative to max |dRows| 0
  inverse4 LU: 27 matrices, pack 5.1167e-05 s, library wall 0.0090511250000000001 s (device 0.0029746667132712901 s), unpack 9.3583000000000002e-05 s
  descent inverses4 (GPU): 27 matrices
  tangent products4: 4536 matrices, pack/upload 0.0025694160000000001 s, library wall 0.003307 s (device 0.0023738333256915212 s), download/unpack 0.0025921670000000003 s
  tangent 4x4 Jacobian (GPU)
  inverse4 LU: 338 matrices, pack 0.000166959 s, library wall 0.0023328750000000003 s (device 0.0012934583355672657 s), unpack 0.00025608299999999999 s
  gluing inverses4 (GPU): 338 matrices
  exact Fourier: pack 0.0025681660000000002 s, library wall 0.013580709000000002 s (device 0.0049887083587236702 s), unpack 0.0024441660000000002 s
  Fourier Jacobian (GPU): 338 projections
  exact normal equations: pack 0.00090866700000000005 s, library wall 0.0065947080000000003 s (device 0.0054078749963082373 s), unpack 0.001504834 s
  normal matrix (GPU): 0.0090369580000000012 s, GPU J^T G included; remaining bookkeeping: 1.3792000000000001e-05 s
  first Cholesky (GPU): 0.019133500000000001 s
  inverse4 LU: 27 matrices, pack 0.000118875 s, library wall 0.008636083000000001 s (device 0.0080704583087936044 s), unpack 0.000141667 s
  descent inverses4 (GPU): 27 matrices
  it 1  |G| = 9.75172864777155e-28  mu = 9.9999999999999993e-41  Delta = 2 + -0.99937581469617887 + 1.6747606620660852e-37 i  (3.1852371659999998 s)
  timing: Jc 0.36851624999999999  JG 2.1523916660000002  lin 0.060802042000000001  LM 0.17704941699999999  chord 0 s (0 chord steps)
  JG split (thread-summed s): dB 0.40582423300000003  descent 3.29661063  residual 1.9983115150000001
done (5.0216658340000002 s)
