[ 10%] Building CXX object limbforge/CMakeFiles/limbforge.dir/src/version.cpp.o
[ 20%] Building OBJCXX object limbforge/CMakeFiles/limbforge.dir/src/engine.mm.o
[ 30%] Building OBJCXX object limbforge/CMakeFiles/limbforge.dir/src/linalg.mm.o
[ 40%] Building OBJCXX object limbforge/CMakeFiles/limbforge.dir/src/linalg_complex.mm.o
[ 50%] Building OBJCXX object limbforge/CMakeFiles/limbforge.dir/src/batched_linalg.mm.o
/Users/k0959535/Dropbox/IntegrabilityProjects/2026 4d SoV/LimbForge/src/engine.mm:420:75: warning: missing field 'b_stride' initializer [-Wmissing-field-initializers]
  420 |         Params params={std::uint32_t(count),std::uint32_t(operation),0,0,1};[encoder setBytes:&params length:sizeof(params) atIndex:3];
      |                                                                           ^
1 warning generated.
[ 60%] Building OBJCXX object limbforge/CMakeFiles/limbforge.dir/src/numerics.mm.o
[ 70%] Building OBJCXX object limbforge/CMakeFiles/limbforge.dir/src/transcendental.mm.o
[ 80%] Linking CXX static library liblimbforge.a
[ 80%] Built target limbforge
[ 90%] Building CXX object CMakeFiles/qscmx.dir/src/qscmx.cpp.o
In file included from /private/tmp/wolfnum-qsc-section9-lu4/src/qscmx.cpp:19:
/private/tmp/wolfnum-qsc-section9-lu4/include/mx.hpp:1432:34: warning: captured structured bindings are a C++20 extension [-Wc++20-extensions]
 1432 |         int fr = r - S.Dm + S.dl[a]; C s, t;
      |                                  ^
/private/tmp/wolfnum-qsc-section9-lu4/include/mx.hpp:1420:17: note: 'a' declared here
 1420 |       auto [ty, a, nn] = id[cols[q]];
      |                 ^
/private/tmp/wolfnum-qsc-section9-lu4/include/mx.hpp:1434:13: warning: captured structured bindings are a C++20 extension [-Wc++20-extensions]
 1434 |         if (ty == 0) { const LT& H = HL[i][a]; for (int k = col + nn; k <= fr; ++k) fma_(s, H[fr * N + k], dv[k - col], t); }
      |             ^
/private/tmp/wolfnum-qsc-section9-lu4/include/mx.hpp:1420:13: note: 'ty' declared here
 1420 |       auto [ty, a, nn] = id[cols[q]];
      |             ^
/private/tmp/wolfnum-qsc-section9-lu4/include/mx.hpp:1434:67: warning: captured structured bindings are a C++20 extension [-Wc++20-extensions]
 1434 |         if (ty == 0) { const LT& H = HL[i][a]; for (int k = col + nn; k <= fr; ++k) fma_(s, H[fr * N + k], dv[k - col], t); }
      |                                                                   ^
/private/tmp/wolfnum-qsc-section9-lu4/include/mx.hpp:1420:20: note: 'nn' declared here
 1420 |       auto [ty, a, nn] = id[cols[q]];
      |                    ^
3 warnings generated.
[100%] Linking CXX executable qscmx
[100%] Built target qscmx
[ 80%] Built target limbforge
[ 90%] Building CXX object CMakeFiles/qscmx_lu4_check.dir/tools/test_lu4_candidate.cpp.o
In file included from /private/tmp/wolfnum-qsc-section9-lu4/tools/test_lu4_candidate.cpp:1:
/private/tmp/wolfnum-qsc-section9-lu4/include/mx.hpp:1432:34: warning: captured structured bindings are a C++20 extension [-Wc++20-extensions]
 1432 |         int fr = r - S.Dm + S.dl[a]; C s, t;
      |                                  ^
/private/tmp/wolfnum-qsc-section9-lu4/include/mx.hpp:1420:17: note: 'a' declared here
 1420 |       auto [ty, a, nn] = id[cols[q]];
      |                 ^
/private/tmp/wolfnum-qsc-section9-lu4/include/mx.hpp:1434:13: warning: captured structured bindings are a C++20 extension [-Wc++20-extensions]
 1434 |         if (ty == 0) { const LT& H = HL[i][a]; for (int k = col + nn; k <= fr; ++k) fma_(s, H[fr * N + k], dv[k - col], t); }
      |             ^
/private/tmp/wolfnum-qsc-section9-lu4/include/mx.hpp:1420:13: note: 'ty' declared here
 1420 |       auto [ty, a, nn] = id[cols[q]];
      |             ^
/private/tmp/wolfnum-qsc-section9-lu4/include/mx.hpp:1434:67: warning: captured structured bindings are a C++20 extension [-Wc++20-extensions]
 1434 |         if (ty == 0) { const LT& H = HL[i][a]; for (int k = col + nn; k <= fr; ++k) fma_(s, H[fr * N + k], dv[k - col], t); }
      |                                                                   ^
/private/tmp/wolfnum-qsc-section9-lu4/include/mx.hpp:1420:20: note: 'nn' declared here
 1420 |       auto [ty, a, nn] = id[cols[q]];
      |                    ^
/private/tmp/wolfnum-qsc-section9-lu4/tools/test_lu4_candidate.cpp:66:83: error: no matching function for call to 'same'
   66 |     if(cpu){require(!lfx::inverse4_batch(input,out,2),"global GPU guard");require(same(out[0][0],C(123)),"disabled output changed");
      |                                                                                   ^~~~
/private/tmp/wolfnum-qsc-section9-lu4/include/mx.hpp:286:13: note: candidate function not viable: no known conversion from 'value_type' (aka 'std::vector<qsc::C>') to 'const C' for 1st argument
  286 | inline bool same(const C& a, const C& b) { return mpc_cmp(a.v, b.v) == 0; }
      |             ^    ~~~~~~~~~~
/private/tmp/wolfnum-qsc-section9-lu4/tools/test_lu4_candidate.cpp:73:58: error: no matching function for call to 'same'
   73 |     require(!lfx::inverse4_batch(malformed,preserved,2)&&same(preserved[0][0],C(123)),"malformed output preservation");
      |                                                          ^~~~
/private/tmp/wolfnum-qsc-section9-lu4/include/mx.hpp:286:13: note: candidate function not viable: no known conversion from 'value_type' (aka 'std::vector<qsc::C>') to 'const C' for 1st argument
  286 | inline bool same(const C& a, const C& b) { return mpc_cmp(a.v, b.v) == 0; }
      |             ^    ~~~~~~~~~~
/private/tmp/wolfnum-qsc-section9-lu4/tools/test_lu4_candidate.cpp:75:58: error: no matching function for call to 'same'
   75 |     require(!lfx::inverse4_batch(nonfinite,preserved,2)&&same(preserved[0][0],C(123)),"nonfinite output preservation");
      |                                                          ^~~~
/private/tmp/wolfnum-qsc-section9-lu4/include/mx.hpp:286:13: note: candidate function not viable: no known conversion from 'value_type' (aka 'std::vector<qsc::C>') to 'const C' for 1st argument
  286 | inline bool same(const C& a, const C& b) { return mpc_cmp(a.v, b.v) == 0; }
      |             ^    ~~~~~~~~~~
/private/tmp/wolfnum-qsc-section9-lu4/tools/test_lu4_candidate.cpp:77:57: error: no matching function for call to 'same'
   77 |     require(!lfx::inverse4_batch(singular,preserved,2)&&same(preserved[0][0],C(123)),"singular companion preservation");
      |                                                         ^~~~
/private/tmp/wolfnum-qsc-section9-lu4/include/mx.hpp:286:13: note: candidate function not viable: no known conversion from 'value_type' (aka 'std::vector<qsc::C>') to 'const C' for 1st argument
  286 | inline bool same(const C& a, const C& b) { return mpc_cmp(a.v, b.v) == 0; }
      |             ^    ~~~~~~~~~~
3 warnings and 4 errors generated.
gmake[3]: *** [CMakeFiles/qscmx_lu4_check.dir/build.make:79: CMakeFiles/qscmx_lu4_check.dir/tools/test_lu4_candidate.cpp.o] Error 1
gmake[2]: *** [CMakeFiles/Makefile2:311: CMakeFiles/qscmx_lu4_check.dir/all] Error 2
gmake[1]: *** [CMakeFiles/Makefile2:318: CMakeFiles/qscmx_lu4_check.dir/rule] Error 2
gmake: *** [Makefile:247: qscmx_lu4_check] Error 2
