[ 80%] Built target limbforge
[ 90%] Building CXX object CMakeFiles/qscmx_lu4_check.dir/tools/test_lu4_candidate.cpp.o
In file included from /private/tmp/wolfnum-qsc-section9-lu4/tools/test_lu4_candidate.cpp:1:
/private/tmp/wolfnum-qsc-section9-lu4/include/mx.hpp:1432:34: warning: captured structured bindings are a C++20 extension [-Wc++20-extensions]
 1432 |         int fr = r - S.Dm + S.dl[a]; C s, t;
      |                                  ^
/private/tmp/wolfnum-qsc-section9-lu4/include/mx.hpp:1420:17: note: 'a' declared here
 1420 |       auto [ty, a, nn] = id[cols[q]];
      |                 ^
/private/tmp/wolfnum-qsc-section9-lu4/include/mx.hpp:1434:13: warning: captured structured bindings are a C++20 extension [-Wc++20-extensions]
 1434 |         if (ty == 0) { const LT& H = HL[i][a]; for (int k = col + nn; k <= fr; ++k) fma_(s, H[fr * N + k], dv[k - col], t); }
      |             ^
/private/tmp/wolfnum-qsc-section9-lu4/include/mx.hpp:1420:13: note: 'ty' declared here
 1420 |       auto [ty, a, nn] = id[cols[q]];
      |             ^
/private/tmp/wolfnum-qsc-section9-lu4/include/mx.hpp:1434:67: warning: captured structured bindings are a C++20 extension [-Wc++20-extensions]
 1434 |         if (ty == 0) { const LT& H = HL[i][a]; for (int k = col + nn; k <= fr; ++k) fma_(s, H[fr * N + k], dv[k - col], t); }
      |                                                                   ^
/private/tmp/wolfnum-qsc-section9-lu4/include/mx.hpp:1420:20: note: 'nn' declared here
 1420 |       auto [ty, a, nn] = id[cols[q]];
      |                    ^
3 warnings generated.
[100%] Linking CXX executable qscmx_lu4_check
[100%] Built target qscmx_lu4_check
