WolfNum algebra prewarm: 1.3.1, 384 bits, startup wait 8.7625000000000002e-05 s (outside solve timing)
Dset: rank 32 of 168  (1.9564462499999999 s)
  inverse4 LU: 27 matrices, pack 0.00011658300000000001 s, library wall 0.029527000000000001 s (device 0.010814999986905605 s), unpack 0.00019054200000000001 s
  descent inverses4 (GPU): 27 matrices
  start |G| = 1.0243522681269547e-10  |cons| = 4.1028220842960933e-94  (0.42153520799999999 s)
  inverse4 LU: 27 matrices, pack 0.000148667 s, library wall 0.011455125 s (device 0.01072529167868197 s), unpack 0.00016375000000000002 s
  descent inverses4 (GPU): 27 matrices
  power moments: pack 0.011292 s, library wall 0.11761675000000001 s (device 0.10091216664295644 s), unpack 0.0016509580000000001 s
  adjoint tables: stage 1 0.072978292 s, stage 2 (GPU) 0.149902125 s
  adjoint check: PASS relative max difference 0, 0 units of 2^-374 (limit 65536; scale max |rows|; 12 columns), relative to max |dRows| 0
  inverse4 LU: 27 matrices, pack 6.2708999999999999e-05 s, library wall 0.020693416000000003 s (device 0.010750791698228568 s), unpack 0.00012587500000000001 s
  descent inverses4 (GPU): 27 matrices
  inverse4 LU: 338 matrices, pack 0.000133917 s, library wall 0.0028051250000000003 s (device 0.0018772916519083083 s), unpack 0.00031854100000000004 s
  gluing inverses4 (GPU): 338 matrices
  Fourier Jacobian (CPU fallback): 338 projections
  normal matrix (GPU): 0.016545500000000001 s, CPU J^T G: 0.00084500000000000005 s
  first Cholesky (GPU): 0.016456709 s
  inverse4 LU: 27 matrices, pack 0.000114875 s, library wall 0.013475083000000001 s (device 0.012794958311133087 s), unpack 0.00019341700000000001 s
  descent inverses4 (GPU): 27 matrices
  it 1  |G| = 1.2649616737754718e-21  mu = 1.0000000000000001e-21  Delta = 2 + 1.0012726137914625 + 2.069011156244995e-31 i  (3.3447620420000002 s)
  inverse4 LU: 27 matrices, pack 0.00011329200000000001 s, library wall 0.014844041000000001 s (device 0.014102916698902845 s), unpack 0.000189834 s
  descent inverses4 (GPU): 27 matrices
  it 2 (chord)  |G| = 5.5775217996699744e-25  Delta = 2 + 1.0012726137914625 + -1.2665295352789159e-29 i  (3.5214754579999998 s)
  timing: Jc 0.30391858300000002  JG 2.3515392080000002  lin 0.069613667000000004  LM 0.19809225  chord 0.17625829200000001 s (1 chord steps)
  JG split (thread-summed s): dB 0.42500683900000003  descent 3.4250576280000002  residual 2.6609569050000004
done (5.5886420409999999 s)
